// Jest Snapshot v1, https://goo.gl/fbAQLP

exports[`NavbarSubLink renders correctly 1`] = `
.c0 {
  display: block;
  padding: 0.4rem 0 0.4rem 0.5rem;
  color: #fff;
  -webkit-transition: background 0.1s ease;
  transition: background 0.1s ease;
  -webkit-text-decoration: none;
  text-decoration: none;
}

.c0:hover {
  background: #324082;
}

.c1 {
  display: block;
  color: #eebbc3;
  font-size: 0.75rem;
}

.c2 {
  display: block;
  font-size: 1.1rem;
}

@media (min-width:960px) {
  .c0 {
    border-radius: 4px;
  }
}

<NavbarSubLink
  href="/"
>
  <Link
    href="/"
    passHref={true}
  >
    <NavbarSubLink__StyledNavbarSubLink
      href="/"
      onClick={[Function]}
      onMouseEnter={[Function]}
    >
      <a
        className="c0"
        href="/"
        onClick={[Function]}
        onMouseEnter={[Function]}
      >
        <NavbarSubLink__StyledBranch>
          <span
            className="c1"
          />
        </NavbarSubLink__StyledBranch>
        <NavbarSubLink__StyledName>
          <span
            className="c2"
          />
        </NavbarSubLink__StyledName>
      </a>
    </NavbarSubLink__StyledNavbarSubLink>
  </Link>
</NavbarSubLink>
`;
